[1ovW7Sfu3fa5#0] hans pige
[/1ovW7Sfu3fa5]
[PZhe-z4D9MrG#0] #Jákup og #Maria er i haven#.
[/PZhe-z4D9MrG]
[WyTlP36Qjg03#0] Hun ser ud gennem vinduet og ser Jákup og Maria leger.
[/WyTlP36Qjg03]
[xVQ5yyZ5Li2A#0] #Den mamma er inde i husene ved katten.
[/xVQ5yyZ5Li2A]
