[1ovW7Sfu3fa5#0] ^genta<n><f><sg><nom><def>/pige<n><ut><sg><nom><def>$ ^hann<prn><pers><sg><gen>/hans<det><pos><ut><sg>$
[/1ovW7Sfu3fa5]
[PZhe-z4D9MrG#0] ^Jákup<np><ant><m><sg><nom>/Jákup<np><ant><m><sg><nom>$ ^og<cnjcoo><@CVP>/og<cnjcoo><@CVP>$ ^Maria<np><ant><f><sg><nom>/Maria<np><ant><f><sg><nom>$ ^vera<vblex><ind><pres><pl>/være<vbser><ind><pres><pl>$ ^í<pr>/i<pr>$ ^havi<n><m><sg><dat><def>/have<n><ut><sg><dat><def>$^.<sent>/.<sent>$
[/PZhe-z4D9MrG]
[WyTlP36Qjg03#0] ^Hon<prn><pers><sg><nom>/Hun<prn><pers><p3><f><sg><nom>$ ^hyggja<vblex><ind><pres><p3><sg>/se<vblex><ind><pres><p3><sg>/kigge<vblex><ind><pres><p3><sg>$ ^út<adv>/ud<adv>/udenfor<adv>$ ^gjøgnum<pr>/gennem<pr>$ ^vindeyga<n><nt><sg><acc><def>/vindue<n><nt><sg><acc><def>$ ^og<cnjcoo><@CVP>/og<cnjcoo><@CVP>$ ^síggja<vblex><ind><pres><p3><sg>/se<vblex><ind><pres><p3><sg>/figurere<vblex><ind><pres><p3><sg>/overlægge<vblex><ind><pres><p3><sg>$ ^Jákup<np><ant><m><sg><acc>/Jákup<np><ant><m><sg><acc>$ ^og<cnjcoo><@CVP>/og<cnjcoo><@CVP>$ ^Maria<np><ant><f><sg><acc>/Maria<np><ant><f><sg><acc>$ ^spæla<vblex><ind><pres><pl>/lege<vblex><ind><pres><pl>/spille<vblex><ind><pres><pl>/optræde<vblex><ind><pres><pl>/medvirke<vblex><ind><pres><pl>$^.<sent>/.<sent>$
[/WyTlP36Qjg03]
[xVQ5yyZ5Li2A#0] ^Mamma<n><f><sg><nom><ind>/Mamma<n><ut><sg><nom><ind>$ ^tann<prn><dem><f><pl><gen>/den<det><dem><f><pl><gen>$ ^vera<vblex><ind><pres><p3><sg>/være<vbser><ind><pres><p3><sg>$ ^inni<adv>/inde<adv>/ind<adv>$ ^í<pr>/i<pr>$ ^hús<n><nt><pl><dat><def>/hus<n><nt><pl><dat><def>/etui<n><nt><pl><dat><def>/husly<n><nt><pl><dat><def>/cover<n><nt><pl><dat><def>/hylster<n><nt><pl><dat><def>/husholdning<n><nt><pl><dat><def>$ ^við<pr>/ved<pr>$ ^ketta<n><f><sg><dat><def>/kat<n><ut><sg><dat><def>$^.<sent>/.<sent>$
[/xVQ5yyZ5Li2A]
