[1ovW7Sfu3fa5#0] ^genta<n><f><sg><nom><def>$ ^hann<prn><pers><sg><gen>$
[/1ovW7Sfu3fa5]
