[1ovW7Sfu3fa5#0] ^genta<n><f><sg><nom><def>/pige<n><ut><sg><nom><def>$ ^hann<prn><pers><sg><gen>/hans<det><pos><ut><sg>$
[/1ovW7Sfu3fa5]
